// Jest Snapshot v1, https://goo.gl/fbAQLP

exports[`protowizard 4. create quiz 4.1 should add quiz to pristine lesson 1`] = `"Let's create a multiple-choice quiz! This will only work if you've already created the tutorial and lesson files."`

exports[`protowizard 4. create quiz 4.1 should add quiz to pristine lesson 2`] = `
"Great! You've chosen to build a quiz for:
 ‣ Tutorial: New Tutorial (8)
 ‣ Lesson: Lesson 1"
`

exports[`protowizard 4. create quiz 4.1 should add quiz to pristine lesson 3`] = `"When we create a quiz using the ProtoWizard, it will overwrite any existing content. If you think you may have previously updated this quiz manually, you may want to double check before proceeding."`

exports[`protowizard 4. create quiz 4.1 should add quiz to pristine lesson 4`] = `"To preview the quiz in its current state, first run \`npm start\` in a separate terminal window or tab, then visit this page in your web browser: http://localhost:3000/new-tut-8/01"`

exports[`protowizard 4. create quiz 4.1 should add quiz to pristine lesson 5`] = `"Now it's time to write the question for your multiple-choice quiz and provide answer choices, with positive or negative feedback for each. Wrong answers, and the feedback associated with them, are a great way to address common misconceptions about the topic. Be sure to make your feedback as helpful as possible, to guide the learner to the right choice. You'll need to create 1 correct answer and 2-3 incorrect answers. (I'll take care of randomizing their order later.)"`

exports[`protowizard 4. create quiz 4.1 should add quiz to pristine lesson 6`] = `"Your question is: \\"Is this my question?\\""`

exports[`protowizard 4. create quiz 4.1 should add quiz to pristine lesson 7`] = `"The correct answer is: \\"Right answer\\""`

exports[`protowizard 4. create quiz 4.1 should add quiz to pristine lesson 8`] = `"The feedback provided will be: \\"That is soooo right!\\""`

exports[`protowizard 4. create quiz 4.1 should add quiz to pristine lesson 9`] = `"Your new wrong answer is: \\"first wrong answer\\""`

exports[`protowizard 4. create quiz 4.1 should add quiz to pristine lesson 10`] = `"The feedback provided will be: \\"Try again.\\""`

exports[`protowizard 4. create quiz 4.1 should add quiz to pristine lesson 11`] = `"You currently have 1 correct answer and 1 wrong answers. (We recommend providing 2-3 incorrect options.)"`

exports[`protowizard 4. create quiz 4.1 should add quiz to pristine lesson 12`] = `"Your new wrong answer is: \\"second wrong answer\\""`

exports[`protowizard 4. create quiz 4.1 should add quiz to pristine lesson 13`] = `"The feedback provided will be: \\"Nope!\\""`

exports[`protowizard 4. create quiz 4.1 should add quiz to pristine lesson 14`] = `"You currently have 1 correct answer and 2 wrong answers. (We recommend providing 2-3 incorrect options.)"`

exports[`protowizard 4. create quiz 4.1 should add quiz to pristine lesson 15`] = `"To preview your quiz, first run \`npm start\` in a separate terminal window or tab, then visit this page in your web browser: http://localhost:3000/new-tut-8/01"`

exports[`protowizard 4. create quiz 4.1 should add quiz to pristine lesson 16`] = `"To make changes to your quiz, you can edit this file directly: src/tutorials/0008-new-tut-8/01.js"`

exports[`protowizard 4. create quiz 4.1 should add quiz to pristine lesson 17`] = `"Okay, no problem. You can run the ProtoWizard later to add quizzes."`

exports[`protowizard 4. create quiz 4.1 should add quiz to pristine lesson 18`] = `"View our detailed guide to developing tutorials at: https://bit.ly/protoschool-developing"`

exports[`protowizard 4. create quiz 4.2 should add quiz to existing lesson 1`] = `"Welcome to the ProtoWizard! We're excited to help you build your ProtoSchool tutorial."`

exports[`protowizard 4. create quiz 4.2 should add quiz to existing lesson 2`] = `"Let's create a multiple-choice quiz! This will only work if you've already created the tutorial and lesson files."`

exports[`protowizard 4. create quiz 4.2 should add quiz to existing lesson 3`] = `
"Great! You've chosen to build a quiz for:
 ‣ Tutorial: New Tutorial (8)
 ‣ Lesson: Lesson 1"
`

exports[`protowizard 4. create quiz 4.2 should add quiz to existing lesson 4`] = `"When we create a quiz using the ProtoWizard, it will overwrite any existing content. If you think you may have previously updated this quiz manually, you may want to double check before proceeding."`

exports[`protowizard 4. create quiz 4.2 should add quiz to existing lesson 5`] = `"To preview the quiz in its current state, first run \`npm start\` in a separate terminal window or tab, then visit this page in your web browser: http://localhost:3000/new-tut-8/01"`

exports[`protowizard 4. create quiz 4.2 should add quiz to existing lesson 6`] = `"Now it's time to write the question for your multiple-choice quiz and provide answer choices, with positive or negative feedback for each. Wrong answers, and the feedback associated with them, are a great way to address common misconceptions about the topic. Be sure to make your feedback as helpful as possible, to guide the learner to the right choice. You'll need to create 1 correct answer and 2-3 incorrect answers. (I'll take care of randomizing their order later.)"`

exports[`protowizard 4. create quiz 4.2 should add quiz to existing lesson 7`] = `"Your question is: \\"Question to overwrite\\""`

exports[`protowizard 4. create quiz 4.2 should add quiz to existing lesson 8`] = `"The correct answer is: \\"Correct answer to overwrite\\""`

exports[`protowizard 4. create quiz 4.2 should add quiz to existing lesson 9`] = `"The feedback provided will be: \\"Correct feedback to overwrite\\""`

exports[`protowizard 4. create quiz 4.2 should add quiz to existing lesson 10`] = `"Your new wrong answer is: \\"Incorrect answer to overwrite\\""`

exports[`protowizard 4. create quiz 4.2 should add quiz to existing lesson 11`] = `"The feedback provided will be: \\"Incorrect feedback to overwrite\\""`

exports[`protowizard 4. create quiz 4.2 should add quiz to existing lesson 12`] = `"You currently have 1 correct answer and 1 wrong answers. (We recommend providing 2-3 incorrect options.)"`

exports[`protowizard 4. create quiz 4.2 should add quiz to existing lesson 13`] = `"To preview your quiz, first run \`npm start\` in a separate terminal window or tab, then visit this page in your web browser: http://localhost:3000/new-tut-8/01"`

exports[`protowizard 4. create quiz 4.2 should add quiz to existing lesson 14`] = `"To make changes to your quiz, you can edit this file directly: src/tutorials/0008-new-tut-8/01.js"`

exports[`protowizard 4. create quiz 4.2 should add quiz to existing lesson 15`] = `"Let's create a multiple-choice quiz! This will only work if you've already created the tutorial and lesson files."`

exports[`protowizard 4. create quiz 4.2 should add quiz to existing lesson 16`] = `
"Great! You've chosen to build a quiz for:
 ‣ Tutorial: New Tutorial (8)
 ‣ Lesson: Lesson 1"
`

exports[`protowizard 4. create quiz 4.3 should cancel overwrite of non-pristine lesson 1`] = `"Welcome to the ProtoWizard! We're excited to help you build your ProtoSchool tutorial."`

exports[`protowizard 4. create quiz 4.3 should cancel overwrite of non-pristine lesson 2`] = `"Let's create a multiple-choice quiz! This will only work if you've already created the tutorial and lesson files."`

exports[`protowizard 4. create quiz 4.3 should cancel overwrite of non-pristine lesson 3`] = `
"Great! You've chosen to build a quiz for:
 ‣ Tutorial: New Tutorial (8)
 ‣ Lesson: Lesson 1"
`

exports[`protowizard 4. create quiz 4.3 should cancel overwrite of non-pristine lesson 4`] = `"When we create a quiz using the ProtoWizard, it will overwrite any existing content. If you think you may have previously updated this quiz manually, you may want to double check before proceeding."`

exports[`protowizard 4. create quiz 4.3 should cancel overwrite of non-pristine lesson 5`] = `"To preview the quiz in its current state, first run \`npm start\` in a separate terminal window or tab, then visit this page in your web browser: http://localhost:3000/new-tut-8/01"`

exports[`protowizard 4. create quiz 4.3 should cancel overwrite of non-pristine lesson 6`] = `"Now it's time to write the question for your multiple-choice quiz and provide answer choices, with positive or negative feedback for each. Wrong answers, and the feedback associated with them, are a great way to address common misconceptions about the topic. Be sure to make your feedback as helpful as possible, to guide the learner to the right choice. You'll need to create 1 correct answer and 2-3 incorrect answers. (I'll take care of randomizing their order later.)"`

exports[`protowizard 4. create quiz 4.3 should cancel overwrite of non-pristine lesson 7`] = `"Your question is: \\"Is this my question?\\""`

exports[`protowizard 4. create quiz 4.3 should cancel overwrite of non-pristine lesson 8`] = `"The correct answer is: \\"Right answer\\""`

exports[`protowizard 4. create quiz 4.3 should cancel overwrite of non-pristine lesson 9`] = `"The feedback provided will be: \\"That is soooo right!\\""`

exports[`protowizard 4. create quiz 4.3 should cancel overwrite of non-pristine lesson 10`] = `"Your new wrong answer is: \\"first wrong answer\\""`

exports[`protowizard 4. create quiz 4.3 should cancel overwrite of non-pristine lesson 11`] = `"The feedback provided will be: \\"Try again.\\""`

exports[`protowizard 4. create quiz 4.3 should cancel overwrite of non-pristine lesson 12`] = `"You currently have 1 correct answer and 1 wrong answers. (We recommend providing 2-3 incorrect options.)"`

exports[`protowizard 4. create quiz 4.3 should cancel overwrite of non-pristine lesson 13`] = `"Your new wrong answer is: \\"second wrong answer\\""`

exports[`protowizard 4. create quiz 4.3 should cancel overwrite of non-pristine lesson 14`] = `"The feedback provided will be: \\"Nope!\\""`

exports[`protowizard 4. create quiz 4.3 should cancel overwrite of non-pristine lesson 15`] = `"You currently have 1 correct answer and 2 wrong answers. (We recommend providing 2-3 incorrect options.)"`

exports[`protowizard 4. create quiz 4.3 should cancel overwrite of non-pristine lesson 16`] = `"To preview your quiz, first run \`npm start\` in a separate terminal window or tab, then visit this page in your web browser: http://localhost:3000/new-tut-8/01"`

exports[`protowizard 4. create quiz 4.3 should cancel overwrite of non-pristine lesson 17`] = `"To make changes to your quiz, you can edit this file directly: src/tutorials/0008-new-tut-8/01.js"`

exports[`protowizard 4. create quiz 4.3 should cancel overwrite of non-pristine lesson 18`] = `"Let's create a multiple-choice quiz! This will only work if you've already created the tutorial and lesson files."`

exports[`protowizard 4. create quiz 4.3 should cancel overwrite of non-pristine lesson 19`] = `
"Great! You've chosen to build a quiz for:
 ‣ Tutorial: New Tutorial (8)
 ‣ Lesson: Lesson 1"
`

exports[`protowizard 4. create quiz 4.4 should cancel overwrite of pristine lesson 1`] = `"Welcome to the ProtoWizard! We're excited to help you build your ProtoSchool tutorial."`

exports[`protowizard 4. create quiz 4.4 should cancel overwrite of pristine lesson 2`] = `"Let's create a multiple-choice quiz! This will only work if you've already created the tutorial and lesson files."`

exports[`protowizard 4. create quiz 4.4 should cancel overwrite of pristine lesson 3`] = `
"Great! You've chosen to build a quiz for:
 ‣ Tutorial: New Tutorial (8)
 ‣ Lesson: Lesson 1"
`

exports[`protowizard 4. create quiz 4.4 should cancel overwrite of pristine lesson 4`] = `"When we create a quiz using the ProtoWizard, it will overwrite any existing content. If you think you may have previously updated this quiz manually, you may want to double check before proceeding."`

exports[`protowizard 4. create quiz 4.4 should cancel overwrite of pristine lesson 5`] = `"To preview the quiz in its current state, first run \`npm start\` in a separate terminal window or tab, then visit this page in your web browser: http://localhost:3000/new-tut-8/01"`

exports[`protowizard 4. create quiz 4.4 should cancel overwrite of pristine lesson 6`] = `"Okay, no problem. You can edit your existing quiz directly in this file: src/tutorials/0008-new-tut-8/01.js"`
